Archive member included because of file (symbol)

c:/altera/13.1/nios2eds/bin/gnu/h-i686-mingw32/bin/../lib/gcc/nios2-elf/4.7.3/../../../../../H-i686-mingw32/nios2-elf/lib/mno-hw-mul\libsmallc.a(lib_a-puts.o)
                              obj/default/hello_world.o (puts)
c:/altera/13.1/nios2eds/bin/gnu/h-i686-mingw32/bin/../lib/gcc/nios2-elf/4.7.3/../../../../../H-i686-mingw32/nios2-elf/lib/mno-hw-mul\libsmallc.a(lib_a-strlen.o)
                              c:/altera/13.1/nios2eds/bin/gnu/h-i686-mingw32/bin/../lib/gcc/nios2-elf/4.7.3/../../../../../H-i686-mingw32/nios2-elf/lib/mno-hw-mul\libsmallc.a(lib_a-puts.o) (strlen)
c:/altera/13.1/nios2eds/bin/gnu/h-i686-mingw32/bin/../lib/gcc/nios2-elf/4.7.3/../../../../../H-i686-mingw32/nios2-elf/lib/mno-hw-mul\libsmallc.a(lib_a-fvwrite_small_dev.o)
                              c:/altera/13.1/nios2eds/bin/gnu/h-i686-mingw32/bin/../lib/gcc/nios2-elf/4.7.3/../../../../../H-i686-mingw32/nios2-elf/lib/mno-hw-mul\libsmallc.a(lib_a-puts.o) (__sfvwrite_small_dev)
c:/altera/13.1/nios2eds/bin/gnu/h-i686-mingw32/bin/../lib/gcc/nios2-elf/4.7.3/../../../../../H-i686-mingw32/nios2-elf/lib/mno-hw-mul\libsmallc.a(lib_a-impure.o)
                              c:/altera/13.1/nios2eds/bin/gnu/h-i686-mingw32/bin/../lib/gcc/nios2-elf/4.7.3/../../../../../H-i686-mingw32/nios2-elf/lib/mno-hw-mul\libsmallc.a(lib_a-puts.o) (_impure_ptr)
c:/altera/13.1/nios2eds/bin/gnu/h-i686-mingw32/bin/../lib/gcc/nios2-elf/4.7.3/../../../../../H-i686-mingw32/nios2-elf/lib/mno-hw-mul\libsmallc.a(lib_a-writer.o)
                              c:/altera/13.1/nios2eds/bin/gnu/h-i686-mingw32/bin/../lib/gcc/nios2-elf/4.7.3/../../../../../H-i686-mingw32/nios2-elf/lib/mno-hw-mul\libsmallc.a(lib_a-fvwrite_small_dev.o) (_write_r)
c:/altera/13.1/nios2eds/bin/gnu/h-i686-mingw32/bin/../lib/gcc/nios2-elf/4.7.3/../../../../../H-i686-mingw32/nios2-elf/lib/mno-hw-mul\libsmallc.a(lib_a-int_errno.o)
                              c:/altera/13.1/nios2eds/bin/gnu/h-i686-mingw32/bin/../lib/gcc/nios2-elf/4.7.3/../../../../../H-i686-mingw32/nios2-elf/lib/mno-hw-mul\libsmallc.a(lib_a-writer.o) (errno)
../Test_bsp/\libhal_bsp.a(alt_load.o)
                              ../Test_bsp//obj/HAL/src/crt0.o (alt_load)
../Test_bsp/\libhal_bsp.a(alt_main.o)
                              ../Test_bsp//obj/HAL/src/crt0.o (alt_main)
../Test_bsp/\libhal_bsp.a(alt_write.o)
                              c:/altera/13.1/nios2eds/bin/gnu/h-i686-mingw32/bin/../lib/gcc/nios2-elf/4.7.3/../../../../../H-i686-mingw32/nios2-elf/lib/mno-hw-mul\libsmallc.a(lib_a-writer.o) (write)
../Test_bsp/\libhal_bsp.a(alt_sys_init.o)
                              ../Test_bsp/\libhal_bsp.a(alt_main.o) (alt_irq_init)
../Test_bsp/\libhal_bsp.a(altera_avalon_timer_sc.o)
                              ../Test_bsp/\libhal_bsp.a(alt_sys_init.o) (alt_avalon_timer_sc_init)
../Test_bsp/\libhal_bsp.a(alt_close.o)
                              ../Test_bsp/\libhal_bsp.a(alt_main.o) (close)
../Test_bsp/\libhal_bsp.a(alt_dcache_flush_all.o)
                              ../Test_bsp/\libhal_bsp.a(alt_load.o) (alt_dcache_flush_all)
../Test_bsp/\libhal_bsp.a(alt_dev.o)
                              ../Test_bsp/\libhal_bsp.a(alt_write.o) (alt_fd_list)
../Test_bsp/\libhal_bsp.a(alt_errno.o)
                              ../Test_bsp/\libhal_bsp.a(alt_write.o) (alt_errno)
../Test_bsp/\libhal_bsp.a(alt_icache_flush_all.o)
                              ../Test_bsp/\libhal_bsp.a(alt_load.o) (alt_icache_flush_all)
../Test_bsp/\libhal_bsp.a(alt_iic.o)
                              ../Test_bsp/\libhal_bsp.a(altera_avalon_timer_sc.o) (alt_ic_isr_register)
../Test_bsp/\libhal_bsp.a(alt_iic_isr_register.o)
                              ../Test_bsp/\libhal_bsp.a(alt_iic.o) (alt_iic_isr_register)
../Test_bsp/\libhal_bsp.a(alt_irq_entry.o)
                              ../Test_bsp/\libhal_bsp.a(alt_iic_isr_register.o) (alt_irq_entry)
../Test_bsp/\libhal_bsp.a(alt_irq_handler.o)
                              ../Test_bsp/\libhal_bsp.a(alt_iic_isr_register.o) (alt_irq)
../Test_bsp/\libhal_bsp.a(alt_irq_vars.o)
                              ../Test_bsp/\libhal_bsp.a(alt_iic.o) (alt_irq_active)
../Test_bsp/\libhal_bsp.a(alt_release_fd.o)
                              ../Test_bsp/\libhal_bsp.a(alt_close.o) (alt_release_fd)
../Test_bsp/\libhal_bsp.a(alt_tick.o)
                              ../Test_bsp/\libhal_bsp.a(altera_avalon_timer_sc.o) (_alt_tick_rate)
../Test_bsp/\libhal_bsp.a(altera_nios2_qsys_irq.o)
                              ../Test_bsp/\libhal_bsp.a(alt_sys_init.o) (altera_nios2_qsys_irq_init)
../Test_bsp/\libhal_bsp.a(alt_exception_entry.o)
                              ../Test_bsp/\libhal_bsp.a(alt_irq_entry.o) (alt_exception)
c:/altera/13.1/nios2eds/bin/gnu/h-i686-mingw32/bin/../lib/gcc/nios2-elf/4.7.3/../../../../../H-i686-mingw32/nios2-elf/lib/mno-hw-mul\libsmallc.a(lib_a-exit.o)
                              ../Test_bsp/\libhal_bsp.a(alt_main.o) (exit)
c:/altera/13.1/nios2eds/bin/gnu/h-i686-mingw32/bin/../lib/gcc/nios2-elf/4.7.3/../../../../../H-i686-mingw32/nios2-elf/lib/mno-hw-mul\libsmallc.a(lib_a-__call_atexit.o)
                              c:/altera/13.1/nios2eds/bin/gnu/h-i686-mingw32/bin/../lib/gcc/nios2-elf/4.7.3/../../../../../H-i686-mingw32/nios2-elf/lib/mno-hw-mul\libsmallc.a(lib_a-exit.o) (__call_exitprocs)
c:/altera/13.1/nios2eds/bin/gnu/h-i686-mingw32/bin/../lib/gcc/nios2-elf/4.7.3/mno-hw-mul\libgcc.a(lib2-mul.o)
                              ../Test_bsp/\libhal_bsp.a(alt_write.o) (__mulsi3)
../Test_bsp/\libhal_bsp.a(alt_exit.o)
                              c:/altera/13.1/nios2eds/bin/gnu/h-i686-mingw32/bin/../lib/gcc/nios2-elf/4.7.3/../../../../../H-i686-mingw32/nios2-elf/lib/mno-hw-mul\libsmallc.a(lib_a-exit.o) (_exit)

Allocating common symbols
Common symbol       size              file

alt_irq             0x100             ../Test_bsp/\libhal_bsp.a(alt_irq_handler.o)
errno               0x4               c:/altera/13.1/nios2eds/bin/gnu/h-i686-mingw32/bin/../lib/gcc/nios2-elf/4.7.3/../../../../../H-i686-mingw32/nios2-elf/lib/mno-hw-mul\libsmallc.a(lib_a-int_errno.o)

Memory Configuration

Name             Origin             Length             Attributes
reset            0x00002000         0x00000020
onchip_memory2_0 0x00002020         0x00001fe0
*default*        0x00000000         0xffffffff

Linker script and memory map

LOAD ../Test_bsp//obj/HAL/src/crt0.o
LOAD obj/default/hello_world.o
LOAD c:/altera/13.1/nios2eds/bin/gnu/h-i686-mingw32/bin/../lib/gcc/nios2-elf/4.7.3/../../../../../H-i686-mingw32/nios2-elf/lib/mno-hw-mul\libstdc++.a
LOAD c:/altera/13.1/nios2eds/bin/gnu/h-i686-mingw32/bin/../lib/gcc/nios2-elf/4.7.3/../../../../../H-i686-mingw32/nios2-elf/lib/mno-hw-mul\libm.a
LOAD c:/altera/13.1/nios2eds/bin/gnu/h-i686-mingw32/bin/../lib/gcc/nios2-elf/4.7.3/mno-hw-mul\libgcc.a
START GROUP
LOAD c:/altera/13.1/nios2eds/bin/gnu/h-i686-mingw32/bin/../lib/gcc/nios2-elf/4.7.3/../../../../../H-i686-mingw32/nios2-elf/lib/mno-hw-mul\libsmallc.a
LOAD c:/altera/13.1/nios2eds/bin/gnu/h-i686-mingw32/bin/../lib/gcc/nios2-elf/4.7.3/mno-hw-mul\libgcc.a
LOAD ../Test_bsp/\libhal_bsp.a
END GROUP
LOAD c:/altera/13.1/nios2eds/bin/gnu/h-i686-mingw32/bin/../lib/gcc/nios2-elf/4.7.3/mno-hw-mul\libgcc.a
                0x00002000                __alt_mem_onchip_memory2_0 = 0x2000

.entry          0x00002000       0x20
 *(.entry)
 .entry         0x00002000       0x20 ../Test_bsp//obj/HAL/src/crt0.o
                0x00002000                __reset

.exceptions     0x00002020      0x198
                0x00002020                PROVIDE (__ram_exceptions_start, ABSOLUTE (.))
                0x00002020                . = ALIGN (0x20)
 *(.irq)
 *(.exceptions.entry.label)
 .exceptions.entry.label
                0x00002020        0x0 ../Test_bsp/\libhal_bsp.a(alt_irq_entry.o)
                0x00002020                alt_irq_entry
 .exceptions.entry.label
                0x00002020        0x0 ../Test_bsp/\libhal_bsp.a(alt_exception_entry.o)
                0x00002020                alt_exception
 *(.exceptions.entry.user)
 *(.exceptions.entry.ecc_fatal)
 *(.exceptions.entry)
 .exceptions.entry
                0x00002020       0x54 ../Test_bsp/\libhal_bsp.a(alt_exception_entry.o)
 *(.exceptions.irqtest.user)
 *(.exceptions.irqtest)
 .exceptions.irqtest
                0x00002074       0x10 ../Test_bsp/\libhal_bsp.a(alt_irq_entry.o)
 *(.exceptions.irqhandler.user)
 *(.exceptions.irqhandler)
 .exceptions.irqhandler
                0x00002084        0x4 ../Test_bsp/\libhal_bsp.a(alt_irq_entry.o)
 *(.exceptions.irqreturn.user)
 *(.exceptions.irqreturn)
 .exceptions.irqreturn
                0x00002088        0x4 ../Test_bsp/\libhal_bsp.a(alt_irq_entry.o)
 *(.exceptions.notirq.label)
 .exceptions.notirq.label
                0x0000208c        0x0 ../Test_bsp/\libhal_bsp.a(alt_irq_entry.o)
 *(.exceptions.notirq.user)
 *(.exceptions.notirq)
 .exceptions.notirq
                0x0000208c        0x8 ../Test_bsp/\libhal_bsp.a(alt_exception_entry.o)
 *(.exceptions.soft.user)
 *(.exceptions.soft)
 *(.exceptions.unknown.user)
 *(.exceptions.unknown)
 .exceptions.unknown
                0x00002094        0x4 ../Test_bsp/\libhal_bsp.a(alt_exception_entry.o)
 *(.exceptions.exit.label)
 .exceptions.exit.label
                0x00002098        0x0 ../Test_bsp/\libhal_bsp.a(alt_irq_entry.o)
 .exceptions.exit.label
                0x00002098        0x0 ../Test_bsp/\libhal_bsp.a(alt_exception_entry.o)
 *(.exceptions.exit.user)
 *(.exceptions.exit)
 .exceptions.exit
                0x00002098       0x54 ../Test_bsp/\libhal_bsp.a(alt_exception_entry.o)
 *(.exceptions)
 .exceptions    0x000020ec       0xcc ../Test_bsp/\libhal_bsp.a(alt_irq_handler.o)
                0x000020ec                alt_irq_handler
                0x000021b8                PROVIDE (__ram_exceptions_end, ABSOLUTE (.))
                0x00002020                PROVIDE (__flash_exceptions_start, LOADADDR (.exceptions))

.text           0x000021b8      0xf38
                0x000021b8                PROVIDE (stext, ABSOLUTE (.))
 *(.interp)
 *(.hash)
 *(.dynsym)
 *(.dynstr)
 *(.gnu.version)
 *(.gnu.version_d)
 *(.gnu.version_r)
 *(.rel.init)
 *(.rela.init)
 *(.rel.text .rel.text.* .rel.gnu.linkonce.t.*)
 *(.rela.text .rela.text.* .rela.gnu.linkonce.t.*)
 *(.rel.fini)
 *(.rela.fini)
 *(.rel.rodata .rel.rodata.* .rel.gnu.linkonce.r.*)
 *(.rela.rodata .rela.rodata.* .rela.gnu.linkonce.r.*)
 *(.rel.data .rel.data.* .rel.gnu.linkonce.d.*)
 *(.rela.data .rela.data.* .rela.gnu.linkonce.d.*)
 *(.rel.tdata .rel.tdata.* .rel.gnu.linkonce.td.*)
 *(.rela.tdata .rela.tdata.* .rela.gnu.linkonce.td.*)
 *(.rel.tbss .rel.tbss.* .rel.gnu.linkonce.tb.*)
 *(.rela.tbss .rela.tbss.* .rela.gnu.linkonce.tb.*)
 *(.rel.ctors)
 *(.rela.ctors)
 *(.rel.dtors)
 *(.rela.dtors)
 *(.rel.got)
 *(.rela.got)
 *(.rel.sdata .rel.sdata.* .rel.gnu.linkonce.s.*)
 *(.rela.sdata .rela.sdata.* .rela.gnu.linkonce.s.*)
 *(.rel.sbss .rel.sbss.* .rel.gnu.linkonce.sb.*)
 *(.rela.sbss .rela.sbss.* .rela.gnu.linkonce.sb.*)
 *(.rel.sdata2 .rel.sdata2.* .rel.gnu.linkonce.s2.*)
 *(.rela.sdata2 .rela.sdata2.* .rela.gnu.linkonce.s2.*)
 *(.rel.sbss2 .rel.sbss2.* .rel.gnu.linkonce.sb2.*)
 *(.rela.sbss2 .rela.sbss2.* .rela.gnu.linkonce.sb2.*)
 *(.rel.bss .rel.bss.* .rel.gnu.linkonce.b.*)
 *(.rela.bss .rela.bss.* .rela.gnu.linkonce.b.*)
 *(.rel.plt)
 *(.rela.plt)
 *(.rel.dyn)
 *(.init)
 *(.plt)
 *(.text .stub .text.* .gnu.linkonce.t.*)
 .text          0x000021b8       0x3c ../Test_bsp//obj/HAL/src/crt0.o
                0x000021b8                _start
 .text          0x000021f4       0x34 obj/default/hello_world.o
                0x000021f4                main
 .text          0x00002228       0x94 c:/altera/13.1/nios2eds/bin/gnu/h-i686-mingw32/bin/../lib/gcc/nios2-elf/4.7.3/../../../../../H-i686-mingw32/nios2-elf/lib/mno-hw-mul\libsmallc.a(lib_a-puts.o)
                0x00002228                _puts_r
                0x000022a8                puts
 .text          0x000022bc       0x28 c:/altera/13.1/nios2eds/bin/gnu/h-i686-mingw32/bin/../lib/gcc/nios2-elf/4.7.3/../../../../../H-i686-mingw32/nios2-elf/lib/mno-hw-mul\libsmallc.a(lib_a-strlen.o)
                0x000022bc                strlen
 .text          0x000022e4       0xe0 c:/altera/13.1/nios2eds/bin/gnu/h-i686-mingw32/bin/../lib/gcc/nios2-elf/4.7.3/../../../../../H-i686-mingw32/nios2-elf/lib/mno-hw-mul\libsmallc.a(lib_a-fvwrite_small_dev.o)
                0x000022e4                __sfvwrite_small_dev
 .text          0x000023c4        0x0 c:/altera/13.1/nios2eds/bin/gnu/h-i686-mingw32/bin/../lib/gcc/nios2-elf/4.7.3/../../../../../H-i686-mingw32/nios2-elf/lib/mno-hw-mul\libsmallc.a(lib_a-impure.o)
 .text          0x000023c4       0x6c c:/altera/13.1/nios2eds/bin/gnu/h-i686-mingw32/bin/../lib/gcc/nios2-elf/4.7.3/../../../../../H-i686-mingw32/nios2-elf/lib/mno-hw-mul\libsmallc.a(lib_a-writer.o)
                0x000023c4                _write_r
 .text          0x00002430        0x0 c:/altera/13.1/nios2eds/bin/gnu/h-i686-mingw32/bin/../lib/gcc/nios2-elf/4.7.3/../../../../../H-i686-mingw32/nios2-elf/lib/mno-hw-mul\libsmallc.a(lib_a-int_errno.o)
 .text          0x00002430       0xec ../Test_bsp/\libhal_bsp.a(alt_load.o)
                0x0000249c                alt_load
 .text          0x0000251c       0x4c ../Test_bsp/\libhal_bsp.a(alt_main.o)
                0x0000251c                alt_main
 .text          0x00002568      0x140 ../Test_bsp/\libhal_bsp.a(alt_write.o)
                0x000025b8                write
 .text          0x000026a8       0x6c ../Test_bsp/\libhal_bsp.a(alt_sys_init.o)
                0x000026a8                alt_irq_init
                0x000026dc                alt_sys_init
 .text          0x00002714       0xfc ../Test_bsp/\libhal_bsp.a(altera_avalon_timer_sc.o)
                0x00002788                alt_avalon_timer_sc_init
 .text          0x00002810      0x11c ../Test_bsp/\libhal_bsp.a(alt_close.o)
                0x00002860                close
 .text          0x0000292c       0x1c ../Test_bsp/\libhal_bsp.a(alt_dcache_flush_all.o)
                0x0000292c                alt_dcache_flush_all
 .text          0x00002948       0x2c ../Test_bsp/\libhal_bsp.a(alt_dev.o)
 .text          0x00002974        0x0 ../Test_bsp/\libhal_bsp.a(alt_errno.o)
 .text          0x00002974       0x1c ../Test_bsp/\libhal_bsp.a(alt_icache_flush_all.o)
                0x00002974                alt_icache_flush_all
 .text          0x00002990      0x1d8 ../Test_bsp/\libhal_bsp.a(alt_iic.o)
                0x00002990                alt_ic_isr_register
                0x000029e0                alt_ic_irq_enable
                0x00002a7c                alt_ic_irq_disable
                0x00002b1c                alt_ic_irq_enabled
 .text          0x00002b68       0xf0 ../Test_bsp/\libhal_bsp.a(alt_iic_isr_register.o)
                0x00002b68                alt_iic_isr_register
 .text          0x00002c58        0x0 ../Test_bsp/\libhal_bsp.a(alt_irq_entry.o)
 .text          0x00002c58        0x0 ../Test_bsp/\libhal_bsp.a(alt_irq_handler.o)
 .text          0x00002c58        0x0 ../Test_bsp/\libhal_bsp.a(alt_irq_vars.o)
 .text          0x00002c58       0x80 ../Test_bsp/\libhal_bsp.a(alt_release_fd.o)
                0x00002c58                alt_release_fd
 .text          0x00002cd8      0x19c ../Test_bsp/\libhal_bsp.a(alt_tick.o)
                0x00002cd8                alt_alarm_stop
                0x00002d70                alt_tick
 .text          0x00002e74       0x20 ../Test_bsp/\libhal_bsp.a(altera_nios2_qsys_irq.o)
                0x00002e74                altera_nios2_qsys_irq_init
 .text          0x00002e94        0x0 ../Test_bsp/\libhal_bsp.a(alt_exception_entry.o)
 .text          0x00002e94       0x20 c:/altera/13.1/nios2eds/bin/gnu/h-i686-mingw32/bin/../lib/gcc/nios2-elf/4.7.3/../../../../../H-i686-mingw32/nios2-elf/lib/mno-hw-mul\libsmallc.a(lib_a-exit.o)
                0x00002e94                exit
 .text          0x00002eb4      0x1d8 c:/altera/13.1/nios2eds/bin/gnu/h-i686-mingw32/bin/../lib/gcc/nios2-elf/4.7.3/../../../../../H-i686-mingw32/nios2-elf/lib/mno-hw-mul\libsmallc.a(lib_a-__call_atexit.o)
                0x00002eb4                __call_exitprocs
 .text          0x0000308c       0x28 c:/altera/13.1/nios2eds/bin/gnu/h-i686-mingw32/bin/../lib/gcc/nios2-elf/4.7.3/mno-hw-mul\libgcc.a(lib2-mul.o)
                0x0000308c                __mulsi3
 .text          0x000030b4       0x3c ../Test_bsp/\libhal_bsp.a(alt_exit.o)
                0x000030b4                _exit
 *(.gnu.warning.*)
 *(.fini)
                0x000030f0                PROVIDE (__etext, ABSOLUTE (.))
                0x000030f0                PROVIDE (_etext, ABSOLUTE (.))
                0x000030f0                PROVIDE (etext, ABSOLUTE (.))
 *(.eh_frame_hdr)
                0x000030f0                . = ALIGN (0x4)
                0x000030f0                PROVIDE (__preinit_array_start, ABSOLUTE (.))
 *(.preinit_array)
                0x000030f0                PROVIDE (__preinit_array_end, ABSOLUTE (.))
                0x000030f0                PROVIDE (__init_array_start, ABSOLUTE (.))
 *(.init_array)
                0x000030f0                PROVIDE (__init_array_end, ABSOLUTE (.))
                0x000030f0                PROVIDE (__fini_array_start, ABSOLUTE (.))
 *(.fini_array)
                0x000030f0                PROVIDE (__fini_array_end, ABSOLUTE (.))
 *(.eh_frame)
 *(.gcc_except_table .gcc_except_table.*)
 *(.dynamic)
                0x000030f0                PROVIDE (__CTOR_LIST__, ABSOLUTE (.))
 *(.ctors)
 *(SORT(.ctors.*))
                0x000030f0                PROVIDE (__CTOR_END__, ABSOLUTE (.))
                0x000030f0                PROVIDE (__DTOR_LIST__, ABSOLUTE (.))
 *(.dtors)
 *(SORT(.dtors.*))
                0x000030f0                PROVIDE (__DTOR_END__, ABSOLUTE (.))
 *(.jcr)
                0x000030f0                . = ALIGN (0x4)

.rodata         0x000030f0       0x24
                0x000030f0                PROVIDE (__ram_rodata_start, ABSOLUTE (.))
                0x000030f0                . = ALIGN (0x4)
 *(.rodata .rodata.* .gnu.linkonce.r.*)
 .rodata        0x000030f0       0x14 obj/default/hello_world.o
 .rodata.str1.4
                0x00003104        0x4 c:/altera/13.1/nios2eds/bin/gnu/h-i686-mingw32/bin/../lib/gcc/nios2-elf/4.7.3/../../../../../H-i686-mingw32/nios2-elf/lib/mno-hw-mul\libsmallc.a(lib_a-puts.o)
 .rodata        0x00003108        0xc ../Test_bsp/\libhal_bsp.a(alt_dev.o)
 *(.rodata1)
                0x00003114                . = ALIGN (0x4)
                0x00003114                PROVIDE (__ram_rodata_end, ABSOLUTE (.))
                0x000030f0                PROVIDE (__flash_rodata_start, LOADADDR (.rodata))

.rwdata         0x00003114      0x2b4 load address 0x000033c8
                0x00003114                PROVIDE (__ram_rwdata_start, ABSOLUTE (.))
                0x00003114                . = ALIGN (0x4)
 *(.got.plt)
 *(.got)
 *(.data1)
 *(.data .data.* .gnu.linkonce.d.*)
 .data          0x00003114        0x0 ../Test_bsp//obj/HAL/src/crt0.o
 .data          0x00003114        0x0 obj/default/hello_world.o
 .data          0x00003114        0x0 c:/altera/13.1/nios2eds/bin/gnu/h-i686-mingw32/bin/../lib/gcc/nios2-elf/4.7.3/../../../../../H-i686-mingw32/nios2-elf/lib/mno-hw-mul\libsmallc.a(lib_a-puts.o)
 .data          0x00003114        0x0 c:/altera/13.1/nios2eds/bin/gnu/h-i686-mingw32/bin/../lib/gcc/nios2-elf/4.7.3/../../../../../H-i686-mingw32/nios2-elf/lib/mno-hw-mul\libsmallc.a(lib_a-strlen.o)
 .data          0x00003114        0x0 c:/altera/13.1/nios2eds/bin/gnu/h-i686-mingw32/bin/../lib/gcc/nios2-elf/4.7.3/../../../../../H-i686-mingw32/nios2-elf/lib/mno-hw-mul\libsmallc.a(lib_a-fvwrite_small_dev.o)
 .data          0x00003114       0xe0 c:/altera/13.1/nios2eds/bin/gnu/h-i686-mingw32/bin/../lib/gcc/nios2-elf/4.7.3/../../../../../H-i686-mingw32/nios2-elf/lib/mno-hw-mul\libsmallc.a(lib_a-impure.o)
 .data          0x000031f4        0x0 c:/altera/13.1/nios2eds/bin/gnu/h-i686-mingw32/bin/../lib/gcc/nios2-elf/4.7.3/../../../../../H-i686-mingw32/nios2-elf/lib/mno-hw-mul\libsmallc.a(lib_a-writer.o)
 .data          0x000031f4        0x0 c:/altera/13.1/nios2eds/bin/gnu/h-i686-mingw32/bin/../lib/gcc/nios2-elf/4.7.3/../../../../../H-i686-mingw32/nios2-elf/lib/mno-hw-mul\libsmallc.a(lib_a-int_errno.o)
 .data          0x000031f4        0x0 ../Test_bsp/\libhal_bsp.a(alt_load.o)
 .data          0x000031f4        0x0 ../Test_bsp/\libhal_bsp.a(alt_main.o)
 .data          0x000031f4        0x0 ../Test_bsp/\libhal_bsp.a(alt_write.o)
 .data          0x000031f4        0x0 ../Test_bsp/\libhal_bsp.a(alt_sys_init.o)
 .data          0x000031f4        0x0 ../Test_bsp/\libhal_bsp.a(altera_avalon_timer_sc.o)
 .data          0x000031f4        0x0 ../Test_bsp/\libhal_bsp.a(alt_close.o)
 .data          0x000031f4        0x0 ../Test_bsp/\libhal_bsp.a(alt_dcache_flush_all.o)
 .data          0x000031f4      0x1a8 ../Test_bsp/\libhal_bsp.a(alt_dev.o)
                0x000031f4                alt_dev_null
                0x0000321c                alt_fd_list
 .data          0x0000339c        0x0 ../Test_bsp/\libhal_bsp.a(alt_errno.o)
 .data          0x0000339c        0x0 ../Test_bsp/\libhal_bsp.a(alt_icache_flush_all.o)
 .data          0x0000339c        0x0 ../Test_bsp/\libhal_bsp.a(alt_iic.o)
 .data          0x0000339c        0x0 ../Test_bsp/\libhal_bsp.a(alt_iic_isr_register.o)
 .data          0x0000339c        0x0 ../Test_bsp/\libhal_bsp.a(alt_irq_entry.o)
 .data          0x0000339c        0x0 ../Test_bsp/\libhal_bsp.a(alt_irq_handler.o)
 .data          0x0000339c        0x0 ../Test_bsp/\libhal_bsp.a(alt_irq_vars.o)
 .data          0x0000339c        0x0 ../Test_bsp/\libhal_bsp.a(alt_release_fd.o)
 .data          0x0000339c        0x0 ../Test_bsp/\libhal_bsp.a(alt_tick.o)
 .data          0x0000339c        0x0 ../Test_bsp/\libhal_bsp.a(altera_nios2_qsys_irq.o)
 .data          0x0000339c        0x0 ../Test_bsp/\libhal_bsp.a(alt_exception_entry.o)
 .data          0x0000339c        0x0 c:/altera/13.1/nios2eds/bin/gnu/h-i686-mingw32/bin/../lib/gcc/nios2-elf/4.7.3/../../../../../H-i686-mingw32/nios2-elf/lib/mno-hw-mul\libsmallc.a(lib_a-exit.o)
 .data          0x0000339c        0x0 c:/altera/13.1/nios2eds/bin/gnu/h-i686-mingw32/bin/../lib/gcc/nios2-elf/4.7.3/../../../../../H-i686-mingw32/nios2-elf/lib/mno-hw-mul\libsmallc.a(lib_a-__call_atexit.o)
 .data          0x0000339c        0x0 c:/altera/13.1/nios2eds/bin/gnu/h-i686-mingw32/bin/../lib/gcc/nios2-elf/4.7.3/mno-hw-mul\libgcc.a(lib2-mul.o)
 .data          0x0000339c        0x0 ../Test_bsp/\libhal_bsp.a(alt_exit.o)
                0x0000b39c                _gp = ABSOLUTE ((. + 0x8000))
                0x0000b39c                PROVIDE (gp, _gp)
 *(.rwdata .rwdata.*)
 *(.sdata .sdata.* .gnu.linkonce.s.*)
 .sdata         0x0000339c        0x8 c:/altera/13.1/nios2eds/bin/gnu/h-i686-mingw32/bin/../lib/gcc/nios2-elf/4.7.3/../../../../../H-i686-mingw32/nios2-elf/lib/mno-hw-mul\libsmallc.a(lib_a-impure.o)
                0x0000339c                _global_impure_ptr
                0x000033a0                _impure_ptr
 .sdata         0x000033a4       0x14 ../Test_bsp/\libhal_bsp.a(alt_dev.o)
                0x000033a4                alt_fs_list
                0x000033ac                alt_dev_list
                0x000033b4                alt_max_fd
 .sdata         0x000033b8        0x4 ../Test_bsp/\libhal_bsp.a(alt_errno.o)
                0x000033b8                alt_errno
 .sdata         0x000033bc        0x4 ../Test_bsp/\libhal_bsp.a(alt_irq_vars.o)
                0x000033bc                alt_priority_mask
 .sdata         0x000033c0        0x8 ../Test_bsp/\libhal_bsp.a(alt_tick.o)
                0x000033c0                alt_alarm_list
 *(.sdata2 .sdata2.* .gnu.linkonce.s2.*)
                0x000033c8                . = ALIGN (0x4)
                0x000033c8                _edata = ABSOLUTE (.)
                0x000033c8                PROVIDE (edata, ABSOLUTE (.))
                0x000033c8                PROVIDE (__ram_rwdata_end, ABSOLUTE (.))
                0x000033c8                PROVIDE (__flash_rwdata_start, LOADADDR (.rwdata))

.bss            0x0000367c      0x11c
                0x0000367c                __bss_start = ABSOLUTE (.)
                0x0000367c                PROVIDE (__sbss_start, ABSOLUTE (.))
                0x0000367c                PROVIDE (___sbss_start, ABSOLUTE (.))
 *(.dynsbss)
 *(.sbss .sbss.* .gnu.linkonce.sb.*)
 .sbss          0x0000367c        0x4 c:/altera/13.1/nios2eds/bin/gnu/h-i686-mingw32/bin/../lib/gcc/nios2-elf/4.7.3/../../../../../H-i686-mingw32/nios2-elf/lib/mno-hw-mul\libsmallc.a(lib_a-int_errno.o)
                0x0000367c                errno
 .sbss          0x00003680        0xc ../Test_bsp/\libhal_bsp.a(alt_main.o)
                0x00003680                alt_argc
                0x00003684                alt_argv
                0x00003688                alt_envp
 .sbss          0x0000368c        0x4 ../Test_bsp/\libhal_bsp.a(alt_irq_vars.o)
                0x0000368c                alt_irq_active
 .sbss          0x00003690        0x8 ../Test_bsp/\libhal_bsp.a(alt_tick.o)
                0x00003690                _alt_tick_rate
                0x00003694                _alt_nticks
 *(.sbss2 .sbss2.* .gnu.linkonce.sb2.*)
 *(.scommon)
                0x00003698                PROVIDE (__sbss_end, ABSOLUTE (.))
                0x00003698                PROVIDE (___sbss_end, ABSOLUTE (.))
 *(.dynbss)
 *(.bss .bss.* .gnu.linkonce.b.*)
 .bss           0x00003698        0x0 ../Test_bsp//obj/HAL/src/crt0.o
 .bss           0x00003698        0x0 obj/default/hello_world.o
 .bss           0x00003698        0x0 c:/altera/13.1/nios2eds/bin/gnu/h-i686-mingw32/bin/../lib/gcc/nios2-elf/4.7.3/../../../../../H-i686-mingw32/nios2-elf/lib/mno-hw-mul\libsmallc.a(lib_a-puts.o)
 .bss           0x00003698        0x0 c:/altera/13.1/nios2eds/bin/gnu/h-i686-mingw32/bin/../lib/gcc/nios2-elf/4.7.3/../../../../../H-i686-mingw32/nios2-elf/lib/mno-hw-mul\libsmallc.a(lib_a-strlen.o)
 .bss           0x00003698        0x0 c:/altera/13.1/nios2eds/bin/gnu/h-i686-mingw32/bin/../lib/gcc/nios2-elf/4.7.3/../../../../../H-i686-mingw32/nios2-elf/lib/mno-hw-mul\libsmallc.a(lib_a-fvwrite_small_dev.o)
 .bss           0x00003698        0x0 c:/altera/13.1/nios2eds/bin/gnu/h-i686-mingw32/bin/../lib/gcc/nios2-elf/4.7.3/../../../../../H-i686-mingw32/nios2-elf/lib/mno-hw-mul\libsmallc.a(lib_a-impure.o)
 .bss           0x00003698        0x0 c:/altera/13.1/nios2eds/bin/gnu/h-i686-mingw32/bin/../lib/gcc/nios2-elf/4.7.3/../../../../../H-i686-mingw32/nios2-elf/lib/mno-hw-mul\libsmallc.a(lib_a-writer.o)
 .bss           0x00003698        0x0 c:/altera/13.1/nios2eds/bin/gnu/h-i686-mingw32/bin/../lib/gcc/nios2-elf/4.7.3/../../../../../H-i686-mingw32/nios2-elf/lib/mno-hw-mul\libsmallc.a(lib_a-int_errno.o)
 .bss           0x00003698        0x0 ../Test_bsp/\libhal_bsp.a(alt_load.o)
 .bss           0x00003698        0x0 ../Test_bsp/\libhal_bsp.a(alt_main.o)
 .bss           0x00003698        0x0 ../Test_bsp/\libhal_bsp.a(alt_write.o)
 .bss           0x00003698        0x0 ../Test_bsp/\libhal_bsp.a(alt_sys_init.o)
 .bss           0x00003698        0x0 ../Test_bsp/\libhal_bsp.a(altera_avalon_timer_sc.o)
 .bss           0x00003698        0x0 ../Test_bsp/\libhal_bsp.a(alt_close.o)
 .bss           0x00003698        0x0 ../Test_bsp/\libhal_bsp.a(alt_dcache_flush_all.o)
 .bss           0x00003698        0x0 ../Test_bsp/\libhal_bsp.a(alt_dev.o)
 .bss           0x00003698        0x0 ../Test_bsp/\libhal_bsp.a(alt_errno.o)
 .bss           0x00003698        0x0 ../Test_bsp/\libhal_bsp.a(alt_icache_flush_all.o)
 .bss           0x00003698        0x0 ../Test_bsp/\libhal_bsp.a(alt_iic.o)
 .bss           0x00003698        0x0 ../Test_bsp/\libhal_bsp.a(alt_iic_isr_register.o)
 .bss           0x00003698        0x0 ../Test_bsp/\libhal_bsp.a(alt_irq_entry.o)
 .bss           0x00003698        0x0 ../Test_bsp/\libhal_bsp.a(alt_irq_handler.o)
 .bss           0x00003698        0x0 ../Test_bsp/\libhal_bsp.a(alt_irq_vars.o)
 .bss           0x00003698        0x0 ../Test_bsp/\libhal_bsp.a(alt_release_fd.o)
 .bss           0x00003698        0x0 ../Test_bsp/\libhal_bsp.a(alt_tick.o)
 .bss           0x00003698        0x0 ../Test_bsp/\libhal_bsp.a(altera_nios2_qsys_irq.o)
 .bss           0x00003698        0x0 ../Test_bsp/\libhal_bsp.a(alt_exception_entry.o)
 .bss           0x00003698        0x0 c:/altera/13.1/nios2eds/bin/gnu/h-i686-mingw32/bin/../lib/gcc/nios2-elf/4.7.3/../../../../../H-i686-mingw32/nios2-elf/lib/mno-hw-mul\libsmallc.a(lib_a-exit.o)
 .bss           0x00003698        0x0 c:/altera/13.1/nios2eds/bin/gnu/h-i686-mingw32/bin/../lib/gcc/nios2-elf/4.7.3/../../../../../H-i686-mingw32/nios2-elf/lib/mno-hw-mul\libsmallc.a(lib_a-__call_atexit.o)
 .bss           0x00003698        0x0 c:/altera/13.1/nios2eds/bin/gnu/h-i686-mingw32/bin/../lib/gcc/nios2-elf/4.7.3/mno-hw-mul\libgcc.a(lib2-mul.o)
 .bss           0x00003698        0x0 ../Test_bsp/\libhal_bsp.a(alt_exit.o)
 *(COMMON)
 COMMON         0x00003698      0x100 ../Test_bsp/\libhal_bsp.a(alt_irq_handler.o)
                0x00003698                alt_irq
                0x00003798                . = ALIGN (0x4)
                0x00003798                __bss_end = ABSOLUTE (.)

.onchip_memory2_0
                0x00003798        0x0
                0x00003798                PROVIDE (_alt_partition_onchip_memory2_0_start, ABSOLUTE (.))
 *(.onchip_memory2_0 .onchip_memory2_0. onchip_memory2_0.*)
                0x00003798                . = ALIGN (0x4)
                0x00003798                PROVIDE (_alt_partition_onchip_memory2_0_end, ABSOLUTE (.))
                0x00003798                _end = ABSOLUTE (.)
                0x00003798                end = ABSOLUTE (.)
                0x00003798                __alt_stack_base = ABSOLUTE (.)
                0x00003798                PROVIDE (_alt_partition_onchip_memory2_0_load_addr, LOADADDR (.onchip_memory2_0))

.stab
 *(.stab)

.stabstr
 *(.stabstr)

.stab.excl
 *(.stab.excl)

.stab.exclstr
 *(.stab.exclstr)

.stab.index
 *(.stab.index)

.stab.indexstr
 *(.stab.indexstr)

.comment        0x00000000       0x23
 *(.comment)
 .comment       0x00000000       0x23 obj/default/hello_world.o
                                 0x24 (size before relaxing)
 .comment       0x00000000       0x24 c:/altera/13.1/nios2eds/bin/gnu/h-i686-mingw32/bin/../lib/gcc/nios2-elf/4.7.3/../../../../../H-i686-mingw32/nios2-elf/lib/mno-hw-mul\libsmallc.a(lib_a-puts.o)
 .comment       0x00000000       0x24 c:/altera/13.1/nios2eds/bin/gnu/h-i686-mingw32/bin/../lib/gcc/nios2-elf/4.7.3/../../../../../H-i686-mingw32/nios2-elf/lib/mno-hw-mul\libsmallc.a(lib_a-strlen.o)
 .comment       0x00000000       0x24 c:/altera/13.1/nios2eds/bin/gnu/h-i686-mingw32/bin/../lib/gcc/nios2-elf/4.7.3/../../../../../H-i686-mingw32/nios2-elf/lib/mno-hw-mul\libsmallc.a(lib_a-fvwrite_small_dev.o)
 .comment       0x00000000       0x24 c:/altera/13.1/nios2eds/bin/gnu/h-i686-mingw32/bin/../lib/gcc/nios2-elf/4.7.3/../../../../../H-i686-mingw32/nios2-elf/lib/mno-hw-mul\libsmallc.a(lib_a-impure.o)
 .comment       0x00000000       0x24 c:/altera/13.1/nios2eds/bin/gnu/h-i686-mingw32/bin/../lib/gcc/nios2-elf/4.7.3/../../../../../H-i686-mingw32/nios2-elf/lib/mno-hw-mul\libsmallc.a(lib_a-writer.o)
 .comment       0x00000000       0x24 c:/altera/13.1/nios2eds/bin/gnu/h-i686-mingw32/bin/../lib/gcc/nios2-elf/4.7.3/../../../../../H-i686-mingw32/nios2-elf/lib/mno-hw-mul\libsmallc.a(lib_a-int_errno.o)
 .comment       0x00000000       0x24 ../Test_bsp/\libhal_bsp.a(alt_load.o)
 .comment       0x00000000       0x24 ../Test_bsp/\libhal_bsp.a(alt_main.o)
 .comment       0x00000000       0x24 ../Test_bsp/\libhal_bsp.a(alt_write.o)
 .comment       0x00000000       0x24 ../Test_bsp/\libhal_bsp.a(alt_sys_init.o)
 .comment       0x00000000       0x24 ../Test_bsp/\libhal_bsp.a(altera_avalon_timer_sc.o)
 .comment       0x00000000       0x24 ../Test_bsp/\libhal_bsp.a(alt_close.o)
 .comment       0x00000000       0x24 ../Test_bsp/\libhal_bsp.a(alt_dcache_flush_all.o)
 .comment       0x00000000       0x24 ../Test_bsp/\libhal_bsp.a(alt_dev.o)
 .comment       0x00000000       0x24 ../Test_bsp/\libhal_bsp.a(alt_errno.o)
 .comment       0x00000000       0x24 ../Test_bsp/\libhal_bsp.a(alt_icache_flush_all.o)
 .comment       0x00000000       0x24 ../Test_bsp/\libhal_bsp.a(alt_iic.o)
 .comment       0x00000000       0x24 ../Test_bsp/\libhal_bsp.a(alt_iic_isr_register.o)
 .comment       0x00000000       0x24 ../Test_bsp/\libhal_bsp.a(alt_irq_handler.o)
 .comment       0x00000000       0x24 ../Test_bsp/\libhal_bsp.a(alt_irq_vars.o)
 .comment       0x00000000       0x24 ../Test_bsp/\libhal_bsp.a(alt_release_fd.o)
 .comment       0x00000000       0x24 ../Test_bsp/\libhal_bsp.a(alt_tick.o)
 .comment       0x00000000       0x24 ../Test_bsp/\libhal_bsp.a(altera_nios2_qsys_irq.o)
 .comment       0x00000000       0x24 c:/altera/13.1/nios2eds/bin/gnu/h-i686-mingw32/bin/../lib/gcc/nios2-elf/4.7.3/../../../../../H-i686-mingw32/nios2-elf/lib/mno-hw-mul\libsmallc.a(lib_a-exit.o)
 .comment       0x00000000       0x24 c:/altera/13.1/nios2eds/bin/gnu/h-i686-mingw32/bin/../lib/gcc/nios2-elf/4.7.3/../../../../../H-i686-mingw32/nios2-elf/lib/mno-hw-mul\libsmallc.a(lib_a-__call_atexit.o)
 .comment       0x00000000       0x24 c:/altera/13.1/nios2eds/bin/gnu/h-i686-mingw32/bin/../lib/gcc/nios2-elf/4.7.3/mno-hw-mul\libgcc.a(lib2-mul.o)
 .comment       0x00000000       0x24 ../Test_bsp/\libhal_bsp.a(alt_exit.o)

.debug
 *(.debug)

.line
 *(.line)

.debug_srcinfo
 *(.debug_srcinfo)

.debug_sfnames
 *(.debug_sfnames)

.debug_aranges  0x00000000      0x3f0
 *(.debug_aranges)
 .debug_aranges
                0x00000000       0x28 ../Test_bsp//obj/HAL/src/crt0.o
 .debug_aranges
                0x00000028       0x20 obj/default/hello_world.o
 .debug_aranges
                0x00000048       0x20 c:/altera/13.1/nios2eds/bin/gnu/h-i686-mingw32/bin/../lib/gcc/nios2-elf/4.7.3/../../../../../H-i686-mingw32/nios2-elf/lib/mno-hw-mul\libsmallc.a(lib_a-puts.o)
 .debug_aranges
                0x00000068       0x20 c:/altera/13.1/nios2eds/bin/gnu/h-i686-mingw32/bin/../lib/gcc/nios2-elf/4.7.3/../../../../../H-i686-mingw32/nios2-elf/lib/mno-hw-mul\libsmallc.a(lib_a-strlen.o)
 .debug_aranges
                0x00000088       0x20 c:/altera/13.1/nios2eds/bin/gnu/h-i686-mingw32/bin/../lib/gcc/nios2-elf/4.7.3/../../../../../H-i686-mingw32/nios2-elf/lib/mno-hw-mul\libsmallc.a(lib_a-fvwrite_small_dev.o)
 .debug_aranges
                0x000000a8       0x18 c:/altera/13.1/nios2eds/bin/gnu/h-i686-mingw32/bin/../lib/gcc/nios2-elf/4.7.3/../../../../../H-i686-mingw32/nios2-elf/lib/mno-hw-mul\libsmallc.a(lib_a-impure.o)
 .debug_aranges
                0x000000c0       0x20 c:/altera/13.1/nios2eds/bin/gnu/h-i686-mingw32/bin/../lib/gcc/nios2-elf/4.7.3/../../../../../H-i686-mingw32/nios2-elf/lib/mno-hw-mul\libsmallc.a(lib_a-writer.o)
 .debug_aranges
                0x000000e0       0x18 c:/altera/13.1/nios2eds/bin/gnu/h-i686-mingw32/bin/../lib/gcc/nios2-elf/4.7.3/../../../../../H-i686-mingw32/nios2-elf/lib/mno-hw-mul\libsmallc.a(lib_a-int_errno.o)
 .debug_aranges
                0x000000f8       0x20 ../Test_bsp/\libhal_bsp.a(alt_load.o)
 .debug_aranges
                0x00000118       0x20 ../Test_bsp/\libhal_bsp.a(alt_main.o)
 .debug_aranges
                0x00000138       0x20 ../Test_bsp/\libhal_bsp.a(alt_write.o)
 .debug_aranges
                0x00000158       0x20 ../Test_bsp/\libhal_bsp.a(alt_sys_init.o)
 .debug_aranges
                0x00000178       0x20 ../Test_bsp/\libhal_bsp.a(altera_avalon_timer_sc.o)
 .debug_aranges
                0x00000198       0x20 ../Test_bsp/\libhal_bsp.a(alt_close.o)
 .debug_aranges
                0x000001b8       0x20 ../Test_bsp/\libhal_bsp.a(alt_dcache_flush_all.o)
 .debug_aranges
                0x000001d8       0x20 ../Test_bsp/\libhal_bsp.a(alt_dev.o)
 .debug_aranges
                0x000001f8       0x18 ../Test_bsp/\libhal_bsp.a(alt_errno.o)
 .debug_aranges
                0x00000210       0x20 ../Test_bsp/\libhal_bsp.a(alt_icache_flush_all.o)
 .debug_aranges
                0x00000230       0x20 ../Test_bsp/\libhal_bsp.a(alt_iic.o)
 .debug_aranges
                0x00000250       0x20 ../Test_bsp/\libhal_bsp.a(alt_iic_isr_register.o)
 .debug_aranges
                0x00000270       0x30 ../Test_bsp/\libhal_bsp.a(alt_irq_entry.o)
 .debug_aranges
                0x000002a0       0x20 ../Test_bsp/\libhal_bsp.a(alt_irq_handler.o)
 .debug_aranges
                0x000002c0       0x18 ../Test_bsp/\libhal_bsp.a(alt_irq_vars.o)
 .debug_aranges
                0x000002d8       0x20 ../Test_bsp/\libhal_bsp.a(alt_release_fd.o)
 .debug_aranges
                0x000002f8       0x20 ../Test_bsp/\libhal_bsp.a(alt_tick.o)
 .debug_aranges
                0x00000318       0x20 ../Test_bsp/\libhal_bsp.a(altera_nios2_qsys_irq.o)
 .debug_aranges
                0x00000338       0x38 ../Test_bsp/\libhal_bsp.a(alt_exception_entry.o)
 .debug_aranges
                0x00000370       0x20 c:/altera/13.1/nios2eds/bin/gnu/h-i686-mingw32/bin/../lib/gcc/nios2-elf/4.7.3/../../../../../H-i686-mingw32/nios2-elf/lib/mno-hw-mul\libsmallc.a(lib_a-exit.o)
 .debug_aranges
                0x00000390       0x20 c:/altera/13.1/nios2eds/bin/gnu/h-i686-mingw32/bin/../lib/gcc/nios2-elf/4.7.3/../../../../../H-i686-mingw32/nios2-elf/lib/mno-hw-mul\libsmallc.a(lib_a-__call_atexit.o)
 .debug_aranges
                0x000003b0       0x20 c:/altera/13.1/nios2eds/bin/gnu/h-i686-mingw32/bin/../lib/gcc/nios2-elf/4.7.3/mno-hw-mul\libgcc.a(lib2-mul.o)
 .debug_aranges
                0x000003d0       0x20 ../Test_bsp/\libhal_bsp.a(alt_exit.o)

.debug_pubnames
 *(.debug_pubnames)

.debug_info     0x00000000     0x49d2
 *(.debug_info .gnu.linkonce.wi.*)
 .debug_info    0x00000000       0x51 ../Test_bsp//obj/HAL/src/crt0.o
 .debug_info    0x00000051       0x93 obj/default/hello_world.o
 .debug_info    0x000000e4      0x6f4 c:/altera/13.1/nios2eds/bin/gnu/h-i686-mingw32/bin/../lib/gcc/nios2-elf/4.7.3/../../../../../H-i686-mingw32/nios2-elf/lib/mno-hw-mul\libsmallc.a(lib_a-puts.o)
 .debug_info    0x000007d8       0xc6 c:/altera/13.1/nios2eds/bin/gnu/h-i686-mingw32/bin/../lib/gcc/nios2-elf/4.7.3/../../../../../H-i686-mingw32/nios2-elf/lib/mno-hw-mul\libsmallc.a(lib_a-strlen.o)
 .debug_info    0x0000089e      0x6d9 c:/altera/13.1/nios2eds/bin/gnu/h-i686-mingw32/bin/../lib/gcc/nios2-elf/4.7.3/../../../../../H-i686-mingw32/nios2-elf/lib/mno-hw-mul\libsmallc.a(lib_a-fvwrite_small_dev.o)
 .debug_info    0x00000f77      0x631 c:/altera/13.1/nios2eds/bin/gnu/h-i686-mingw32/bin/../lib/gcc/nios2-elf/4.7.3/../../../../../H-i686-mingw32/nios2-elf/lib/mno-hw-mul\libsmallc.a(lib_a-impure.o)
 .debug_info    0x000015a8      0x6cb c:/altera/13.1/nios2eds/bin/gnu/h-i686-mingw32/bin/../lib/gcc/nios2-elf/4.7.3/../../../../../H-i686-mingw32/nios2-elf/lib/mno-hw-mul\libsmallc.a(lib_a-writer.o)
 .debug_info    0x00001c73       0x84 c:/altera/13.1/nios2eds/bin/gnu/h-i686-mingw32/bin/../lib/gcc/nios2-elf/4.7.3/../../../../../H-i686-mingw32/nios2-elf/lib/mno-hw-mul\libsmallc.a(lib_a-int_errno.o)
 .debug_info    0x00001cf7      0x135 ../Test_bsp/\libhal_bsp.a(alt_load.o)
 .debug_info    0x00001e2c      0x139 ../Test_bsp/\libhal_bsp.a(alt_main.o)
 .debug_info    0x00001f65      0x507 ../Test_bsp/\libhal_bsp.a(alt_write.o)
 .debug_info    0x0000246c      0x145 ../Test_bsp/\libhal_bsp.a(alt_sys_init.o)
 .debug_info    0x000025b1      0x235 ../Test_bsp/\libhal_bsp.a(altera_avalon_timer_sc.o)
 .debug_info    0x000027e6      0x350 ../Test_bsp/\libhal_bsp.a(alt_close.o)
 .debug_info    0x00002b36       0x90 ../Test_bsp/\libhal_bsp.a(alt_dcache_flush_all.o)
 .debug_info    0x00002bc6      0x4e3 ../Test_bsp/\libhal_bsp.a(alt_dev.o)
 .debug_info    0x000030a9       0xa3 ../Test_bsp/\libhal_bsp.a(alt_errno.o)
 .debug_info    0x0000314c       0x90 ../Test_bsp/\libhal_bsp.a(alt_icache_flush_all.o)
 .debug_info    0x000031dc      0x364 ../Test_bsp/\libhal_bsp.a(alt_iic.o)
 .debug_info    0x00003540      0x1f6 ../Test_bsp/\libhal_bsp.a(alt_iic_isr_register.o)
 .debug_info    0x00003736       0x5a ../Test_bsp/\libhal_bsp.a(alt_irq_entry.o)
 .debug_info    0x00003790      0x190 ../Test_bsp/\libhal_bsp.a(alt_irq_handler.o)
 .debug_info    0x00003920       0x8a ../Test_bsp/\libhal_bsp.a(alt_irq_vars.o)
 .debug_info    0x000039aa      0x2dd ../Test_bsp/\libhal_bsp.a(alt_release_fd.o)
 .debug_info    0x00003c87      0x2b1 ../Test_bsp/\libhal_bsp.a(alt_tick.o)
 .debug_info    0x00003f38       0x90 ../Test_bsp/\libhal_bsp.a(altera_nios2_qsys_irq.o)
 .debug_info    0x00003fc8       0x60 ../Test_bsp/\libhal_bsp.a(alt_exception_entry.o)
 .debug_info    0x00004028       0xf8 c:/altera/13.1/nios2eds/bin/gnu/h-i686-mingw32/bin/../lib/gcc/nios2-elf/4.7.3/../../../../../H-i686-mingw32/nios2-elf/lib/mno-hw-mul\libsmallc.a(lib_a-exit.o)
 .debug_info    0x00004120      0x70e c:/altera/13.1/nios2eds/bin/gnu/h-i686-mingw32/bin/../lib/gcc/nios2-elf/4.7.3/../../../../../H-i686-mingw32/nios2-elf/lib/mno-hw-mul\libsmallc.a(lib_a-__call_atexit.o)
 .debug_info    0x0000482e       0xb8 c:/altera/13.1/nios2eds/bin/gnu/h-i686-mingw32/bin/../lib/gcc/nios2-elf/4.7.3/mno-hw-mul\libgcc.a(lib2-mul.o)
 .debug_info    0x000048e6       0xec ../Test_bsp/\libhal_bsp.a(alt_exit.o)

.debug_abbrev   0x00000000     0x1963
 *(.debug_abbrev)
 .debug_abbrev  0x00000000       0x12 ../Test_bsp//obj/HAL/src/crt0.o
 .debug_abbrev  0x00000012       0x42 obj/default/hello_world.o
 .debug_abbrev  0x00000054      0x1d4 c:/altera/13.1/nios2eds/bin/gnu/h-i686-mingw32/bin/../lib/gcc/nios2-elf/4.7.3/../../../../../H-i686-mingw32/nios2-elf/lib/mno-hw-mul\libsmallc.a(lib_a-puts.o)
 .debug_abbrev  0x00000228       0x7f c:/altera/13.1/nios2eds/bin/gnu/h-i686-mingw32/bin/../lib/gcc/nios2-elf/4.7.3/../../../../../H-i686-mingw32/nios2-elf/lib/mno-hw-mul\libsmallc.a(lib_a-strlen.o)
 .debug_abbrev  0x000002a7      0x1a8 c:/altera/13.1/nios2eds/bin/gnu/h-i686-mingw32/bin/../lib/gcc/nios2-elf/4.7.3/../../../../../H-i686-mingw32/nios2-elf/lib/mno-hw-mul\libsmallc.a(lib_a-fvwrite_small_dev.o)
 .debug_abbrev  0x0000044f      0x13b c:/altera/13.1/nios2eds/bin/gnu/h-i686-mingw32/bin/../lib/gcc/nios2-elf/4.7.3/../../../../../H-i686-mingw32/nios2-elf/lib/mno-hw-mul\libsmallc.a(lib_a-impure.o)
 .debug_abbrev  0x0000058a      0x199 c:/altera/13.1/nios2eds/bin/gnu/h-i686-mingw32/bin/../lib/gcc/nios2-elf/4.7.3/../../../../../H-i686-mingw32/nios2-elf/lib/mno-hw-mul\libsmallc.a(lib_a-writer.o)
 .debug_abbrev  0x00000723       0x37 c:/altera/13.1/nios2eds/bin/gnu/h-i686-mingw32/bin/../lib/gcc/nios2-elf/4.7.3/../../../../../H-i686-mingw32/nios2-elf/lib/mno-hw-mul\libsmallc.a(lib_a-int_errno.o)
 .debug_abbrev  0x0000075a       0x9d ../Test_bsp/\libhal_bsp.a(alt_load.o)
 .debug_abbrev  0x000007f7       0xba ../Test_bsp/\libhal_bsp.a(alt_main.o)
 .debug_abbrev  0x000008b1      0x133 ../Test_bsp/\libhal_bsp.a(alt_write.o)
 .debug_abbrev  0x000009e4       0xd8 ../Test_bsp/\libhal_bsp.a(alt_sys_init.o)
 .debug_abbrev  0x00000abc      0x155 ../Test_bsp/\libhal_bsp.a(altera_avalon_timer_sc.o)
 .debug_abbrev  0x00000c11      0x11f ../Test_bsp/\libhal_bsp.a(alt_close.o)
 .debug_abbrev  0x00000d30       0x42 ../Test_bsp/\libhal_bsp.a(alt_dcache_flush_all.o)
 .debug_abbrev  0x00000d72       0xd9 ../Test_bsp/\libhal_bsp.a(alt_dev.o)
 .debug_abbrev  0x00000e4b       0x5a ../Test_bsp/\libhal_bsp.a(alt_errno.o)
 .debug_abbrev  0x00000ea5       0x42 ../Test_bsp/\libhal_bsp.a(alt_icache_flush_all.o)
 .debug_abbrev  0x00000ee7      0x16a ../Test_bsp/\libhal_bsp.a(alt_iic.o)
 .debug_abbrev  0x00001051      0x169 ../Test_bsp/\libhal_bsp.a(alt_iic_isr_register.o)
 .debug_abbrev  0x000011ba       0x12 ../Test_bsp/\libhal_bsp.a(alt_irq_entry.o)
 .debug_abbrev  0x000011cc      0x124 ../Test_bsp/\libhal_bsp.a(alt_irq_handler.o)
 .debug_abbrev  0x000012f0       0x40 ../Test_bsp/\libhal_bsp.a(alt_irq_vars.o)
 .debug_abbrev  0x00001330       0xde ../Test_bsp/\libhal_bsp.a(alt_release_fd.o)
 .debug_abbrev  0x0000140e      0x15a ../Test_bsp/\libhal_bsp.a(alt_tick.o)
 .debug_abbrev  0x00001568       0x42 ../Test_bsp/\libhal_bsp.a(altera_nios2_qsys_irq.o)
 .debug_abbrev  0x000015aa       0x12 ../Test_bsp/\libhal_bsp.a(alt_exception_entry.o)
 .debug_abbrev  0x000015bc       0xa9 c:/altera/13.1/nios2eds/bin/gnu/h-i686-mingw32/bin/../lib/gcc/nios2-elf/4.7.3/../../../../../H-i686-mingw32/nios2-elf/lib/mno-hw-mul\libsmallc.a(lib_a-exit.o)
 .debug_abbrev  0x00001665      0x1e9 c:/altera/13.1/nios2eds/bin/gnu/h-i686-mingw32/bin/../lib/gcc/nios2-elf/4.7.3/../../../../../H-i686-mingw32/nios2-elf/lib/mno-hw-mul\libsmallc.a(lib_a-__call_atexit.o)
 .debug_abbrev  0x0000184e       0x6f c:/altera/13.1/nios2eds/bin/gnu/h-i686-mingw32/bin/../lib/gcc/nios2-elf/4.7.3/mno-hw-mul\libgcc.a(lib2-mul.o)
 .debug_abbrev  0x000018bd       0xa6 ../Test_bsp/\libhal_bsp.a(alt_exit.o)

.debug_line     0x00000000     0x1d4a
 *(.debug_line)
 .debug_line    0x00000000       0x66 ../Test_bsp//obj/HAL/src/crt0.o
 .debug_line    0x00000066       0x40 obj/default/hello_world.o
 .debug_line    0x000000a6      0x212 c:/altera/13.1/nios2eds/bin/gnu/h-i686-mingw32/bin/../lib/gcc/nios2-elf/4.7.3/../../../../../H-i686-mingw32/nios2-elf/lib/mno-hw-mul\libsmallc.a(lib_a-puts.o)
 .debug_line    0x000002b8      0x174 c:/altera/13.1/nios2eds/bin/gnu/h-i686-mingw32/bin/../lib/gcc/nios2-elf/4.7.3/../../../../../H-i686-mingw32/nios2-elf/lib/mno-hw-mul\libsmallc.a(lib_a-strlen.o)
 .debug_line    0x0000042c      0x225 c:/altera/13.1/nios2eds/bin/gnu/h-i686-mingw32/bin/../lib/gcc/nios2-elf/4.7.3/../../../../../H-i686-mingw32/nios2-elf/lib/mno-hw-mul\libsmallc.a(lib_a-fvwrite_small_dev.o)
 .debug_line    0x00000651      0x16c c:/altera/13.1/nios2eds/bin/gnu/h-i686-mingw32/bin/../lib/gcc/nios2-elf/4.7.3/../../../../../H-i686-mingw32/nios2-elf/lib/mno-hw-mul\libsmallc.a(lib_a-impure.o)
 .debug_line    0x000007bd      0x20c c:/altera/13.1/nios2eds/bin/gnu/h-i686-mingw32/bin/../lib/gcc/nios2-elf/4.7.3/../../../../../H-i686-mingw32/nios2-elf/lib/mno-hw-mul\libsmallc.a(lib_a-writer.o)
 .debug_line    0x000009c9       0x60 c:/altera/13.1/nios2eds/bin/gnu/h-i686-mingw32/bin/../lib/gcc/nios2-elf/4.7.3/../../../../../H-i686-mingw32/nios2-elf/lib/mno-hw-mul\libsmallc.a(lib_a-int_errno.o)
 .debug_line    0x00000a29       0x92 ../Test_bsp/\libhal_bsp.a(alt_load.o)
 .debug_line    0x00000abb       0x9a ../Test_bsp/\libhal_bsp.a(alt_main.o)
 .debug_line    0x00000b55      0x1f8 ../Test_bsp/\libhal_bsp.a(alt_write.o)
 .debug_line    0x00000d4d       0xc9 ../Test_bsp/\libhal_bsp.a(alt_sys_init.o)
 .debug_line    0x00000e16       0xfd ../Test_bsp/\libhal_bsp.a(altera_avalon_timer_sc.o)
 .debug_line    0x00000f13      0x186 ../Test_bsp/\libhal_bsp.a(alt_close.o)
 .debug_line    0x00001099       0x51 ../Test_bsp/\libhal_bsp.a(alt_dcache_flush_all.o)
 .debug_line    0x000010ea      0x119 ../Test_bsp/\libhal_bsp.a(alt_dev.o)
 .debug_line    0x00001203       0x51 ../Test_bsp/\libhal_bsp.a(alt_errno.o)
 .debug_line    0x00001254       0x4f ../Test_bsp/\libhal_bsp.a(alt_icache_flush_all.o)
 .debug_line    0x000012a3       0xed ../Test_bsp/\libhal_bsp.a(alt_iic.o)
 .debug_line    0x00001390       0xdb ../Test_bsp/\libhal_bsp.a(alt_iic_isr_register.o)
 .debug_line    0x0000146b       0x6b ../Test_bsp/\libhal_bsp.a(alt_irq_entry.o)
 .debug_line    0x000014d6       0xae ../Test_bsp/\libhal_bsp.a(alt_irq_handler.o)
 .debug_line    0x00001584       0x50 ../Test_bsp/\libhal_bsp.a(alt_irq_vars.o)
 .debug_line    0x000015d4       0xb0 ../Test_bsp/\libhal_bsp.a(alt_release_fd.o)
 .debug_line    0x00001684      0x102 ../Test_bsp/\libhal_bsp.a(alt_tick.o)
 .debug_line    0x00001786       0x51 ../Test_bsp/\libhal_bsp.a(altera_nios2_qsys_irq.o)
 .debug_line    0x000017d7       0xab ../Test_bsp/\libhal_bsp.a(alt_exception_entry.o)
 .debug_line    0x00001882      0x170 c:/altera/13.1/nios2eds/bin/gnu/h-i686-mingw32/bin/../lib/gcc/nios2-elf/4.7.3/../../../../../H-i686-mingw32/nios2-elf/lib/mno-hw-mul\libsmallc.a(lib_a-exit.o)
 .debug_line    0x000019f2      0x267 c:/altera/13.1/nios2eds/bin/gnu/h-i686-mingw32/bin/../lib/gcc/nios2-elf/4.7.3/../../../../../H-i686-mingw32/nios2-elf/lib/mno-hw-mul\libsmallc.a(lib_a-__call_atexit.o)
 .debug_line    0x00001c59       0x80 c:/altera/13.1/nios2eds/bin/gnu/h-i686-mingw32/bin/../lib/gcc/nios2-elf/4.7.3/mno-hw-mul\libgcc.a(lib2-mul.o)
 .debug_line    0x00001cd9       0x71 ../Test_bsp/\libhal_bsp.a(alt_exit.o)

.debug_frame    0x00000000      0x524
 *(.debug_frame)
 .debug_frame   0x00000000       0x2c obj/default/hello_world.o
 .debug_frame   0x0000002c       0x3c c:/altera/13.1/nios2eds/bin/gnu/h-i686-mingw32/bin/../lib/gcc/nios2-elf/4.7.3/../../../../../H-i686-mingw32/nios2-elf/lib/mno-hw-mul\libsmallc.a(lib_a-puts.o)
 .debug_frame   0x00000068       0x20 c:/altera/13.1/nios2eds/bin/gnu/h-i686-mingw32/bin/../lib/gcc/nios2-elf/4.7.3/../../../../../H-i686-mingw32/nios2-elf/lib/mno-hw-mul\libsmallc.a(lib_a-strlen.o)
 .debug_frame   0x00000088       0x30 c:/altera/13.1/nios2eds/bin/gnu/h-i686-mingw32/bin/../lib/gcc/nios2-elf/4.7.3/../../../../../H-i686-mingw32/nios2-elf/lib/mno-hw-mul\libsmallc.a(lib_a-fvwrite_small_dev.o)
 .debug_frame   0x000000b8       0x2c c:/altera/13.1/nios2eds/bin/gnu/h-i686-mingw32/bin/../lib/gcc/nios2-elf/4.7.3/../../../../../H-i686-mingw32/nios2-elf/lib/mno-hw-mul\libsmallc.a(lib_a-writer.o)
 .debug_frame   0x000000e4       0x48 ../Test_bsp/\libhal_bsp.a(alt_load.o)
 .debug_frame   0x0000012c       0x2c ../Test_bsp/\libhal_bsp.a(alt_main.o)
 .debug_frame   0x00000158       0x48 ../Test_bsp/\libhal_bsp.a(alt_write.o)
 .debug_frame   0x000001a0       0x48 ../Test_bsp/\libhal_bsp.a(alt_sys_init.o)
 .debug_frame   0x000001e8       0x48 ../Test_bsp/\libhal_bsp.a(altera_avalon_timer_sc.o)
 .debug_frame   0x00000230       0x48 ../Test_bsp/\libhal_bsp.a(alt_close.o)
 .debug_frame   0x00000278       0x2c ../Test_bsp/\libhal_bsp.a(alt_dcache_flush_all.o)
 .debug_frame   0x000002a4       0x2c ../Test_bsp/\libhal_bsp.a(alt_dev.o)
 .debug_frame   0x000002d0       0x2c ../Test_bsp/\libhal_bsp.a(alt_icache_flush_all.o)
 .debug_frame   0x000002fc       0x80 ../Test_bsp/\libhal_bsp.a(alt_iic.o)
 .debug_frame   0x0000037c       0x2c ../Test_bsp/\libhal_bsp.a(alt_iic_isr_register.o)
 .debug_frame   0x000003a8       0x2c ../Test_bsp/\libhal_bsp.a(alt_irq_handler.o)
 .debug_frame   0x000003d4       0x30 ../Test_bsp/\libhal_bsp.a(alt_release_fd.o)
 .debug_frame   0x00000404       0x48 ../Test_bsp/\libhal_bsp.a(alt_tick.o)
 .debug_frame   0x0000044c       0x2c ../Test_bsp/\libhal_bsp.a(altera_nios2_qsys_irq.o)
 .debug_frame   0x00000478       0x28 c:/altera/13.1/nios2eds/bin/gnu/h-i686-mingw32/bin/../lib/gcc/nios2-elf/4.7.3/../../../../../H-i686-mingw32/nios2-elf/lib/mno-hw-mul\libsmallc.a(lib_a-exit.o)
 .debug_frame   0x000004a0       0x38 c:/altera/13.1/nios2eds/bin/gnu/h-i686-mingw32/bin/../lib/gcc/nios2-elf/4.7.3/../../../../../H-i686-mingw32/nios2-elf/lib/mno-hw-mul\libsmallc.a(lib_a-__call_atexit.o)
 .debug_frame   0x000004d8       0x20 c:/altera/13.1/nios2eds/bin/gnu/h-i686-mingw32/bin/../lib/gcc/nios2-elf/4.7.3/mno-hw-mul\libgcc.a(lib2-mul.o)
 .debug_frame   0x000004f8       0x2c ../Test_bsp/\libhal_bsp.a(alt_exit.o)

.debug_str      0x00000000     0x10ab
 *(.debug_str)
 .debug_str     0x00000000       0x8c obj/default/hello_world.o
                                 0xca (size before relaxing)
 .debug_str     0x0000008c      0x391 c:/altera/13.1/nios2eds/bin/gnu/h-i686-mingw32/bin/../lib/gcc/nios2-elf/4.7.3/../../../../../H-i686-mingw32/nios2-elf/lib/mno-hw-mul\libsmallc.a(lib_a-puts.o)
                                0x463 (size before relaxing)
 .debug_str     0x0000041d       0xde c:/altera/13.1/nios2eds/bin/gnu/h-i686-mingw32/bin/../lib/gcc/nios2-elf/4.7.3/../../../../../H-i686-mingw32/nios2-elf/lib/mno-hw-mul\libsmallc.a(lib_a-strlen.o)
                                0x190 (size before relaxing)
 .debug_str     0x000004fb       0x82 c:/altera/13.1/nios2eds/bin/gnu/h-i686-mingw32/bin/../lib/gcc/nios2-elf/4.7.3/../../../../../H-i686-mingw32/nios2-elf/lib/mno-hw-mul\libsmallc.a(lib_a-fvwrite_small_dev.o)
                                0x48f (size before relaxing)
 .debug_str     0x0000057d       0xfb c:/altera/13.1/nios2eds/bin/gnu/h-i686-mingw32/bin/../lib/gcc/nios2-elf/4.7.3/../../../../../H-i686-mingw32/nios2-elf/lib/mno-hw-mul\libsmallc.a(lib_a-impure.o)
                                0x469 (size before relaxing)
 .debug_str     0x00000678       0x3d c:/altera/13.1/nios2eds/bin/gnu/h-i686-mingw32/bin/../lib/gcc/nios2-elf/4.7.3/../../../../../H-i686-mingw32/nios2-elf/lib/mno-hw-mul\libsmallc.a(lib_a-writer.o)
                                0x463 (size before relaxing)
 .debug_str     0x000006b5       0x40 c:/altera/13.1/nios2eds/bin/gnu/h-i686-mingw32/bin/../lib/gcc/nios2-elf/4.7.3/../../../../../H-i686-mingw32/nios2-elf/lib/mno-hw-mul\libsmallc.a(lib_a-int_errno.o)
                                0x183 (size before relaxing)
 .debug_str     0x000006f5      0x10e ../Test_bsp/\libhal_bsp.a(alt_load.o)
                                0x1ac (size before relaxing)
 .debug_str     0x00000803       0x70 ../Test_bsp/\libhal_bsp.a(alt_main.o)
                                0x137 (size before relaxing)
 .debug_str     0x00000873      0x16b ../Test_bsp/\libhal_bsp.a(alt_write.o)
                                0x292 (size before relaxing)
 .debug_str     0x000009de       0x7f ../Test_bsp/\libhal_bsp.a(alt_sys_init.o)
                                0x178 (size before relaxing)
 .debug_str     0x00000a5d       0xd1 ../Test_bsp/\libhal_bsp.a(altera_avalon_timer_sc.o)
                                0x1e5 (size before relaxing)
 .debug_str     0x00000b2e       0x1b ../Test_bsp/\libhal_bsp.a(alt_close.o)
                                0x1a5 (size before relaxing)
 .debug_str     0x00000b49       0x34 ../Test_bsp/\libhal_bsp.a(alt_dcache_flush_all.o)
                                 0xef (size before relaxing)
 .debug_str     0x00000b7d       0x50 ../Test_bsp/\libhal_bsp.a(alt_dev.o)
                                0x29f (size before relaxing)
 .debug_str     0x00000bcd       0x14 ../Test_bsp/\libhal_bsp.a(alt_errno.o)
                                 0xdf (size before relaxing)
 .debug_str     0x00000be1       0x34 ../Test_bsp/\libhal_bsp.a(alt_icache_flush_all.o)
                                 0xef (size before relaxing)
 .debug_str     0x00000c15       0xc4 ../Test_bsp/\libhal_bsp.a(alt_iic.o)
                                0x1d8 (size before relaxing)
 .debug_str     0x00000cd9       0x4c ../Test_bsp/\libhal_bsp.a(alt_iic_isr_register.o)
                                0x182 (size before relaxing)
 .debug_str     0x00000d25       0x3a ../Test_bsp/\libhal_bsp.a(alt_irq_handler.o)
                                0x131 (size before relaxing)
 .debug_str     0x00000d5f       0x17 ../Test_bsp/\libhal_bsp.a(alt_irq_vars.o)
                                 0xe0 (size before relaxing)
 .debug_str     0x00000d76       0x28 ../Test_bsp/\libhal_bsp.a(alt_release_fd.o)
                                0x179 (size before relaxing)
 .debug_str     0x00000d9e       0x7e ../Test_bsp/\libhal_bsp.a(alt_tick.o)
                                0x1ec (size before relaxing)
 .debug_str     0x00000e1c       0x3b ../Test_bsp/\libhal_bsp.a(altera_nios2_qsys_irq.o)
                                 0xf6 (size before relaxing)
 .debug_str     0x00000e57       0xf3 c:/altera/13.1/nios2eds/bin/gnu/h-i686-mingw32/bin/../lib/gcc/nios2-elf/4.7.3/../../../../../H-i686-mingw32/nios2-elf/lib/mno-hw-mul\libsmallc.a(lib_a-exit.o)
                                0x19b (size before relaxing)
 .debug_str     0x00000f4a       0x64 c:/altera/13.1/nios2eds/bin/gnu/h-i686-mingw32/bin/../lib/gcc/nios2-elf/4.7.3/../../../../../H-i686-mingw32/nios2-elf/lib/mno-hw-mul\libsmallc.a(lib_a-__call_atexit.o)
                                0x494 (size before relaxing)
 .debug_str     0x00000fae       0xd3 c:/altera/13.1/nios2eds/bin/gnu/h-i686-mingw32/bin/../lib/gcc/nios2-elf/4.7.3/mno-hw-mul\libgcc.a(lib2-mul.o)
                                0x12a (size before relaxing)
 .debug_str     0x00001081       0x2a ../Test_bsp/\libhal_bsp.a(alt_exit.o)
                                 0xeb (size before relaxing)

.debug_loc      0x00000000      0xa3d
 *(.debug_loc)
 .debug_loc     0x00000000       0x2c obj/default/hello_world.o
 .debug_loc     0x0000002c       0xb7 c:/altera/13.1/nios2eds/bin/gnu/h-i686-mingw32/bin/../lib/gcc/nios2-elf/4.7.3/../../../../../H-i686-mingw32/nios2-elf/lib/mno-hw-mul\libsmallc.a(lib_a-puts.o)
 .debug_loc     0x000000e3       0x29 c:/altera/13.1/nios2eds/bin/gnu/h-i686-mingw32/bin/../lib/gcc/nios2-elf/4.7.3/../../../../../H-i686-mingw32/nios2-elf/lib/mno-hw-mul\libsmallc.a(lib_a-strlen.o)
 .debug_loc     0x0000010c      0x19e c:/altera/13.1/nios2eds/bin/gnu/h-i686-mingw32/bin/../lib/gcc/nios2-elf/4.7.3/../../../../../H-i686-mingw32/nios2-elf/lib/mno-hw-mul\libsmallc.a(lib_a-fvwrite_small_dev.o)
 .debug_loc     0x000002aa       0xde c:/altera/13.1/nios2eds/bin/gnu/h-i686-mingw32/bin/../lib/gcc/nios2-elf/4.7.3/../../../../../H-i686-mingw32/nios2-elf/lib/mno-hw-mul\libsmallc.a(lib_a-writer.o)
 .debug_loc     0x00000388       0x58 ../Test_bsp/\libhal_bsp.a(alt_load.o)
 .debug_loc     0x000003e0       0x2c ../Test_bsp/\libhal_bsp.a(alt_main.o)
 .debug_loc     0x0000040c       0x58 ../Test_bsp/\libhal_bsp.a(alt_write.o)
 .debug_loc     0x00000464       0x58 ../Test_bsp/\libhal_bsp.a(alt_sys_init.o)
 .debug_loc     0x000004bc       0x58 ../Test_bsp/\libhal_bsp.a(altera_avalon_timer_sc.o)
 .debug_loc     0x00000514       0x58 ../Test_bsp/\libhal_bsp.a(alt_close.o)
 .debug_loc     0x0000056c       0x2c ../Test_bsp/\libhal_bsp.a(alt_dcache_flush_all.o)
 .debug_loc     0x00000598       0x2c ../Test_bsp/\libhal_bsp.a(alt_dev.o)
 .debug_loc     0x000005c4       0x2c ../Test_bsp/\libhal_bsp.a(alt_icache_flush_all.o)
 .debug_loc     0x000005f0       0xb0 ../Test_bsp/\libhal_bsp.a(alt_iic.o)
 .debug_loc     0x000006a0       0x2c ../Test_bsp/\libhal_bsp.a(alt_iic_isr_register.o)
 .debug_loc     0x000006cc       0x2c ../Test_bsp/\libhal_bsp.a(alt_irq_handler.o)
 .debug_loc     0x000006f8       0x2c ../Test_bsp/\libhal_bsp.a(alt_release_fd.o)
 .debug_loc     0x00000724       0x58 ../Test_bsp/\libhal_bsp.a(alt_tick.o)
 .debug_loc     0x0000077c       0x2c ../Test_bsp/\libhal_bsp.a(altera_nios2_qsys_irq.o)
 .debug_loc     0x000007a8       0x3e c:/altera/13.1/nios2eds/bin/gnu/h-i686-mingw32/bin/../lib/gcc/nios2-elf/4.7.3/../../../../../H-i686-mingw32/nios2-elf/lib/mno-hw-mul\libsmallc.a(lib_a-exit.o)
 .debug_loc     0x000007e6      0x198 c:/altera/13.1/nios2eds/bin/gnu/h-i686-mingw32/bin/../lib/gcc/nios2-elf/4.7.3/../../../../../H-i686-mingw32/nios2-elf/lib/mno-hw-mul\libsmallc.a(lib_a-__call_atexit.o)
 .debug_loc     0x0000097e       0x93 c:/altera/13.1/nios2eds/bin/gnu/h-i686-mingw32/bin/../lib/gcc/nios2-elf/4.7.3/mno-hw-mul\libgcc.a(lib2-mul.o)
 .debug_loc     0x00000a11       0x2c ../Test_bsp/\libhal_bsp.a(alt_exit.o)

.debug_macinfo
 *(.debug_macinfo)

.debug_weaknames
 *(.debug_weaknames)

.debug_funcnames
 *(.debug_funcnames)

.debug_typenames
 *(.debug_typenames)

.debug_varnames
 *(.debug_varnames)

.debug_alt_sim_info
                0x00000000       0x10
 *(.debug_alt_sim_info)
 .debug_alt_sim_info
                0x00000000       0x10 ../Test_bsp//obj/HAL/src/crt0.o
                0x00004000                __alt_data_end = 0x4000
                0x00004000                PROVIDE (__alt_stack_pointer, __alt_data_end)
                0x00003798                PROVIDE (__alt_stack_limit, __alt_stack_base)
                0x00003798                PROVIDE (__alt_heap_start, end)
                0x00004000                PROVIDE (__alt_heap_limit, 0x4000)
OUTPUT(Test.elf elf32-littlenios2)

.debug_ranges   0x00000000       0xe8
 .debug_ranges  0x00000000       0x20 ../Test_bsp//obj/HAL/src/crt0.o
 .debug_ranges  0x00000020       0x18 c:/altera/13.1/nios2eds/bin/gnu/h-i686-mingw32/bin/../lib/gcc/nios2-elf/4.7.3/../../../../../H-i686-mingw32/nios2-elf/lib/mno-hw-mul\libsmallc.a(lib_a-fvwrite_small_dev.o)
 .debug_ranges  0x00000038       0x30 ../Test_bsp/\libhal_bsp.a(alt_iic.o)
 .debug_ranges  0x00000068       0x28 ../Test_bsp/\libhal_bsp.a(alt_irq_entry.o)
 .debug_ranges  0x00000090       0x10 ../Test_bsp/\libhal_bsp.a(alt_irq_handler.o)
 .debug_ranges  0x000000a0       0x30 ../Test_bsp/\libhal_bsp.a(alt_exception_entry.o)
 .debug_ranges  0x000000d0       0x18 c:/altera/13.1/nios2eds/bin/gnu/h-i686-mingw32/bin/../lib/gcc/nios2-elf/4.7.3/../../../../../H-i686-mingw32/nios2-elf/lib/mno-hw-mul\libsmallc.a(lib_a-__call_atexit.o)
